
package masc.edu.wm.cs.masc.muse.input;

class Hello{

    public static void main(String[] args){
        System.out.println("This is a mutation");
        System.out.println("Hello World!");
    }

}