package edu.wm.cs.masc.exhaustive.input;

class Hello{

    public static void main(String[] args){
        String cipherName0 =  "DES";
		try{
			android.util.Log.d("cipherName-0", javax.crypto.Cipher.getInstance(cipherName0).getAlgorithm());
		}catch(java.security.NoSuchAlgorithmException|javax.crypto.NoSuchPaddingException aRaNDomName){
		}
		System.out.println("Hello World!");
    }

}
